// Jest Snapshot v1, https://goo.gl/fbAQLP

exports[`snapshot renders 1`] = `
<div
  className=""
>
  <div>
    <WithStyles(Input)
      className=""
      innerRef={[Function]}
      onBlur={[MockFunction]}
      onChange={[Function]}
    />
  </div>
  <hr />
  <HorizontalKeypad
    additionalKeys={Array []}
    mode="scientific"
    noDecimal={false}
    onClick={[Function]}
  />
</div>
`;
