// Jest Snapshot v1, https://goo.gl/fbAQLP

exports[`CorrectInput render renders correctly with correct as false 1`] = `
<Component
  classes={
    Object {
      "box": "Component-box-4",
      "correct": "Component-correct-2",
      "incorrect": "Component-incorrect-3",
      "input": "Component-input-1",
      "inputSmall": "Component-inputSmall-7",
      "notchedOutline": "Component-notchedOutline-6",
      "outlinedInput": "Component-outlinedInput-5",
    }
  }
  correct={false}
  disabled={false}
  onChange={[MockFunction]}
  value="Cow"
  variant="outlined"
/>
`;

exports[`CorrectInput render renders correctly with default props 1`] = `
<Component
  classes={
    Object {
      "box": "Component-box-4",
      "correct": "Component-correct-2",
      "incorrect": "Component-incorrect-3",
      "input": "Component-input-1",
      "inputSmall": "Component-inputSmall-7",
      "notchedOutline": "Component-notchedOutline-6",
      "outlinedInput": "Component-outlinedInput-5",
    }
  }
  correct={false}
  disabled={false}
  onChange={[MockFunction]}
  value="Cow"
  variant="outlined"
/>
`;

exports[`CorrectInput render renders correctly with disabled prop as true 1`] = `
<Component
  classes={
    Object {
      "box": "Component-box-4",
      "correct": "Component-correct-2",
      "incorrect": "Component-incorrect-3",
      "input": "Component-input-1",
      "inputSmall": "Component-inputSmall-7",
      "notchedOutline": "Component-notchedOutline-6",
      "outlinedInput": "Component-outlinedInput-5",
    }
  }
  correct={false}
  disabled={true}
  onChange={[MockFunction]}
  value="Cow"
  variant="outlined"
/>
`;
